python : Traceback 
(most recent call 
last):
At line:1 char:1
+ python 
test_platform.py 
2>&1 | Tee-Object 
test_output.log
+ ~~~~~~~~~~~~~~~~~~~
~~~~~~~~~
    + CategoryInfo   
           : NotSpe  
  cified: (Traceba   
 ck (most recent     
call last)::Stri    
ng) [], RemoteEx    
ception
    + FullyQualified 
   ErrorId : Native  
  CommandError
 
  File 
"C:\Users\joola\CIH 3
.0\test_platform.py",
 line 348, in 
<module>
    run_all_tests()
  File 
"C:\Users\joola\CIH 3
.0\test_platform.py",
 line 306, in 
run_all_tests
    print("\n" + 
"\U0001f30d" * 35)
  File "C:\Users\jool
a\AppData\Local\Progr
ams\Python\Python312\
Lib\encodings\cp1252.
py", line 19, in 
encode
    return codecs.cha
rmap_encode(input,sel
f.errors,encoding_tab
le)[0]
           ^^^^^^^^^^
^^^^^^^^^^^^^^^^^^^^^
^^^^^^^^^^^^^^^^^^^^^
^^^
UnicodeEncodeError: 
'charmap' codec 
can't encode 
characters in 
position 2-36: 
character maps to 
<undefined>
